[  0%] Building C object external/SDL/CMakeFiles/SDL_uclibc.dir/src/libm/e_atan2.c.o
[  1%] Building C object external/SDL/CMakeFiles/SDL_uclibc.dir/src/libm/e_exp.c.o
[  1%] Building C object external/SDL/CMakeFiles/SDL_uclibc.dir/src/libm/e_fmod.c.o
[  1%] Building C object external/SDL/CMakeFiles/SDL_uclibc.dir/src/libm/e_log.c.o
[  1%] Building C object external/SDL/CMakeFiles/SDL_uclibc.dir/src/libm/e_log10.c.o
[  2%] Building C object external/SDL/CMakeFiles/SDL_uclibc.dir/src/libm/e_pow.c.o
[  2%] Building C object external/SDL/CMakeFiles/SDL_uclibc.dir/src/libm/e_rem_pio2.c.o
[  2%] Building C object external/SDL/CMakeFiles/SDL_uclibc.dir/src/libm/e_sqrt.c.o
[  3%] Building C object external/SDL/CMakeFiles/SDL_uclibc.dir/src/libm/k_cos.c.o
[  3%] Building C object external/SDL/CMakeFiles/SDL_uclibc.dir/src/libm/k_rem_pio2.c.o
[  3%] Building C object external/SDL/CMakeFiles/SDL_uclibc.dir/src/libm/k_sin.c.o
[  3%] Building C object external/SDL/CMakeFiles/SDL_uclibc.dir/src/libm/k_tan.c.o
[  4%] Building C object external/SDL/CMakeFiles/SDL_uclibc.dir/src/libm/s_atan.c.o
[  4%] Building C object external/SDL/CMakeFiles/SDL_uclibc.dir/src/libm/s_copysign.c.o
[  4%] Building C object external/SDL/CMakeFiles/SDL_uclibc.dir/src/libm/s_cos.c.o
[  4%] Building C object external/SDL/CMakeFiles/SDL_uclibc.dir/src/libm/s_fabs.c.o
[  5%] Building C object external/SDL/CMakeFiles/SDL_uclibc.dir/src/libm/s_floor.c.o
[  5%] Building C object external/SDL/CMakeFiles/SDL_uclibc.dir/src/libm/s_isinf.c.o
[  5%] Building C object external/SDL/CMakeFiles/SDL_uclibc.dir/src/libm/s_isinff.c.o
[  5%] Building C object external/SDL/CMakeFiles/SDL_uclibc.dir/src/libm/s_isnan.c.o
[  6%] Building C object external/SDL/CMakeFiles/SDL_uclibc.dir/src/libm/s_isnanf.c.o
[  6%] Building C object external/SDL/CMakeFiles/SDL_uclibc.dir/src/libm/s_modf.c.o
[  6%] Building C object external/SDL/CMakeFiles/SDL_uclibc.dir/src/libm/s_scalbn.c.o
[  6%] Building C object external/SDL/CMakeFiles/SDL_uclibc.dir/src/libm/s_sin.c.o
[  7%] Building C object external/SDL/CMakeFiles/SDL_uclibc.dir/src/libm/s_tan.c.o
[  7%] Linking C static library libSDL_uclibc.a
[  7%] Built target SDL_uclibc
[  8%] Generating wayland-generated-protocols/xdg-toplevel-icon-v1-client-protocol.h
[  8%] Generating wayland-generated-protocols/xdg-toplevel-icon-v1-protocol.c
[  8%] Generating wayland-generated-protocols/alpha-modifier-v1-client-protocol.h
[  8%] Generating wayland-generated-protocols/alpha-modifier-v1-protocol.c
[  9%] Generating wayland-generated-protocols/color-management-v1-client-protocol.h
/workspaces/Test/external/SDL/wayland-protocols/color-management-v1.xml:328: element entry: validity error : No declaration for attribute deprecated-since of element entry
/workspaces/Test/external/SDL/wayland-protocols/color-management-v1.xml:338: element entry: validity error : No declaration for attribute deprecated-since of element entry
/workspaces/Test/external/SDL/wayland-protocols/color-management-v1.xml:781: element event: validity error : No declaration for attribute deprecated-since of element event
/workspaces/Test/external/SDL/wayland-protocols/color-management-v1.xml:1443: element event: validity error : No declaration for attribute deprecated-since of element event
*******************************************************
*                                                     *
* WARNING: XML failed validation against built-in DTD *
*                                                     *
*******************************************************
[  9%] Generating wayland-generated-protocols/color-management-v1-protocol.c
/workspaces/Test/external/SDL/wayland-protocols/color-management-v1.xml:328: element entry: validity error : No declaration for attribute deprecated-since of element entry
/workspaces/Test/external/SDL/wayland-protocols/color-management-v1.xml:338: element entry: validity error : No declaration for attribute deprecated-since of element entry
/workspaces/Test/external/SDL/wayland-protocols/color-management-v1.xml:781: element event: validity error : No declaration for attribute deprecated-since of element event
/workspaces/Test/external/SDL/wayland-protocols/color-management-v1.xml:1443: element event: validity error : No declaration for attribute deprecated-since of element event
*******************************************************
*                                                     *
* WARNING: XML failed validation against built-in DTD *
*                                                     *
*******************************************************
[  9%] Generating wayland-generated-protocols/cursor-shape-v1-client-protocol.h
[  9%] Generating wayland-generated-protocols/cursor-shape-v1-protocol.c
[  9%] Generating wayland-generated-protocols/fractional-scale-v1-client-protocol.h
[ 10%] Generating wayland-generated-protocols/fractional-scale-v1-protocol.c
[ 10%] Generating wayland-generated-protocols/frog-color-management-v1-client-protocol.h
[ 10%] Generating wayland-generated-protocols/frog-color-management-v1-protocol.c
[ 11%] Generating wayland-generated-protocols/idle-inhibit-unstable-v1-client-protocol.h
[ 11%] Generating wayland-generated-protocols/idle-inhibit-unstable-v1-protocol.c
[ 11%] Generating wayland-generated-protocols/input-timestamps-unstable-v1-client-protocol.h
[ 11%] Generating wayland-generated-protocols/input-timestamps-unstable-v1-protocol.c
[ 11%] Generating wayland-generated-protocols/keyboard-shortcuts-inhibit-unstable-v1-client-protocol.h
[ 12%] Generating wayland-generated-protocols/keyboard-shortcuts-inhibit-unstable-v1-protocol.c
[ 12%] Generating wayland-generated-protocols/pointer-constraints-unstable-v1-client-protocol.h
[ 12%] Generating wayland-generated-protocols/pointer-constraints-unstable-v1-protocol.c
[ 13%] Generating wayland-generated-protocols/pointer-gestures-unstable-v1-client-protocol.h
[ 13%] Generating wayland-generated-protocols/pointer-gestures-unstable-v1-protocol.c
[ 13%] Generating wayland-generated-protocols/pointer-warp-v1-client-protocol.h
[ 13%] Generating wayland-generated-protocols/pointer-warp-v1-protocol.c
[ 13%] Generating wayland-generated-protocols/primary-selection-unstable-v1-client-protocol.h
[ 14%] Generating wayland-generated-protocols/primary-selection-unstable-v1-protocol.c
[ 14%] Generating wayland-generated-protocols/relative-pointer-unstable-v1-client-protocol.h
[ 14%] Generating wayland-generated-protocols/relative-pointer-unstable-v1-protocol.c
[ 15%] Generating wayland-generated-protocols/single-pixel-buffer-v1-client-protocol.h
[ 15%] Generating wayland-generated-protocols/single-pixel-buffer-v1-protocol.c
[ 15%] Generating wayland-generated-protocols/tablet-v2-client-protocol.h
[ 15%] Generating wayland-generated-protocols/tablet-v2-protocol.c
[ 15%] Generating wayland-generated-protocols/text-input-unstable-v3-client-protocol.h
[ 16%] Generating wayland-generated-protocols/text-input-unstable-v3-protocol.c
[ 17%] Generating wayland-generated-protocols/viewporter-client-protocol.h
[ 17%] Generating wayland-generated-protocols/viewporter-protocol.c
[ 17%] Generating wayland-generated-protocols/wayland-client-protocol.h
/workspaces/Test/external/SDL/wayland-protocols/wayland.xml:2314: element event: validity error : No declaration for attribute deprecated-since of element event
*******************************************************
*                                                     *
* WARNING: XML failed validation against built-in DTD *
*                                                     *
*******************************************************
[ 17%] Generating wayland-generated-protocols/wayland-protocol.c
/workspaces/Test/external/SDL/wayland-protocols/wayland.xml:2314: element event: validity error : No declaration for attribute deprecated-since of element event
*******************************************************
*                                                     *
* WARNING: XML failed validation against built-in DTD *
*                                                     *
*******************************************************
[ 17%] Generating wayland-generated-protocols/xdg-activation-v1-client-protocol.h
[ 17%] Generating wayland-generated-protocols/xdg-activation-v1-protocol.c
[ 17%] Generating wayland-generated-protocols/xdg-decoration-unstable-v1-client-protocol.h
[ 18%] Generating wayland-generated-protocols/xdg-decoration-unstable-v1-protocol.c
[ 19%] Generating wayland-generated-protocols/xdg-dialog-v1-client-protocol.h
[ 19%] Generating wayland-generated-protocols/xdg-dialog-v1-protocol.c
[ 19%] Generating wayland-generated-protocols/xdg-foreign-unstable-v2-client-protocol.h
[ 19%] Generating wayland-generated-protocols/xdg-foreign-unstable-v2-protocol.c
[ 19%] Generating wayland-generated-protocols/xdg-output-unstable-v1-client-protocol.h
[ 20%] Generating wayland-generated-protocols/xdg-output-unstable-v1-protocol.c
[ 20%] Generating wayland-generated-protocols/xdg-shell-client-protocol.h
[ 20%] Generating wayland-generated-protocols/xdg-shell-protocol.c
[ 20%] Building C object external/SDL/CMakeFiles/SDL3-shared.dir/cmake_pch.h.gch
[ 20%] Building C object external/SDL/CMakeFiles/SDL3-shared.dir/src/SDL.c.o
[ 20%] Building C object external/SDL/CMakeFiles/SDL3-shared.dir/src/SDL_assert.c.o
[ 21%] Building C object external/SDL/CMakeFiles/SDL3-shared.dir/src/SDL_error.c.o
[ 21%] Building C object external/SDL/CMakeFiles/SDL3-shared.dir/src/SDL_guid.c.o
[ 21%] Building C object external/SDL/CMakeFiles/SDL3-shared.dir/src/SDL_hashtable.c.o
[ 21%] Building C object external/SDL/CMakeFiles/SDL3-shared.dir/src/SDL_hints.c.o
[ 22%] Building C object external/SDL/CMakeFiles/SDL3-shared.dir/src/SDL_list.c.o
[ 22%] Building C object external/SDL/CMakeFiles/SDL3-shared.dir/src/SDL_log.c.o
[ 22%] Building C object external/SDL/CMakeFiles/SDL3-shared.dir/src/SDL_properties.c.o
[ 23%] Building C object external/SDL/CMakeFiles/SDL3-shared.dir/src/SDL_utils.c.o
[ 23%] Building C object external/SDL/CMakeFiles/SDL3-shared.dir/src/atomic/SDL_atomic.c.o
[ 23%] Building C object external/SDL/CMakeFiles/SDL3-shared.dir/src/atomic/SDL_spinlock.c.o
[ 23%] Building C object external/SDL/CMakeFiles/SDL3-shared.dir/src/audio/SDL_audio.c.o
[ 24%] Building C object external/SDL/CMakeFiles/SDL3-shared.dir/src/audio/SDL_audiocvt.c.o
[ 24%] Building C object external/SDL/CMakeFiles/SDL3-shared.dir/src/audio/SDL_audiodev.c.o
[ 24%] Building C object external/SDL/CMakeFiles/SDL3-shared.dir/src/audio/SDL_audioqueue.c.o
[ 24%] Building C object external/SDL/CMakeFiles/SDL3-shared.dir/src/audio/SDL_audioresample.c.o
[ 25%] Building C object external/SDL/CMakeFiles/SDL3-shared.dir/src/audio/SDL_audiotypecvt.c.o
[ 25%] Building C object external/SDL/CMakeFiles/SDL3-shared.dir/src/audio/SDL_mixer.c.o
[ 25%] Building C object external/SDL/CMakeFiles/SDL3-shared.dir/src/audio/SDL_wave.c.o
[ 25%] Building C object external/SDL/CMakeFiles/SDL3-shared.dir/src/camera/SDL_camera.c.o
[ 26%] Building C object external/SDL/CMakeFiles/SDL3-shared.dir/src/core/SDL_core_unsupported.c.o
[ 26%] Building C object external/SDL/CMakeFiles/SDL3-shared.dir/src/cpuinfo/SDL_cpuinfo.c.o
[ 26%] Building C object external/SDL/CMakeFiles/SDL3-shared.dir/src/dynapi/SDL_dynapi.c.o
[ 26%] Building C object external/SDL/CMakeFiles/SDL3-shared.dir/src/events/SDL_categories.c.o
[ 27%] Building C object external/SDL/CMakeFiles/SDL3-shared.dir/src/events/SDL_clipboardevents.c.o
[ 27%] Building C object external/SDL/CMakeFiles/SDL3-shared.dir/src/events/SDL_displayevents.c.o
[ 27%] Building C object external/SDL/CMakeFiles/SDL3-shared.dir/src/events/SDL_dropevents.c.o
[ 27%] Building C object external/SDL/CMakeFiles/SDL3-shared.dir/src/events/SDL_events.c.o
[ 28%] Building C object external/SDL/CMakeFiles/SDL3-shared.dir/src/events/SDL_eventwatch.c.o
[ 28%] Building C object external/SDL/CMakeFiles/SDL3-shared.dir/src/events/SDL_keyboard.c.o
[ 28%] Building C object external/SDL/CMakeFiles/SDL3-shared.dir/src/events/SDL_keymap.c.o
[ 29%] Building C object external/SDL/CMakeFiles/SDL3-shared.dir/src/events/SDL_keysym_to_keycode.c.o
[ 29%] Building C object external/SDL/CMakeFiles/SDL3-shared.dir/src/events/SDL_keysym_to_scancode.c.o
[ 29%] Building C object external/SDL/CMakeFiles/SDL3-shared.dir/src/events/SDL_mouse.c.o
[ 29%] Building C object external/SDL/CMakeFiles/SDL3-shared.dir/src/events/SDL_pen.c.o
[ 30%] Building C object external/SDL/CMakeFiles/SDL3-shared.dir/src/events/SDL_quit.c.o
[ 30%] Building C object external/SDL/CMakeFiles/SDL3-shared.dir/src/events/SDL_scancode_tables.c.o
[ 30%] Building C object external/SDL/CMakeFiles/SDL3-shared.dir/src/events/SDL_touch.c.o
[ 30%] Building C object external/SDL/CMakeFiles/SDL3-shared.dir/src/events/SDL_windowevents.c.o
[ 31%] Building C object external/SDL/CMakeFiles/SDL3-shared.dir/src/events/imKStoUCS.c.o
[ 31%] Building C object external/SDL/CMakeFiles/SDL3-shared.dir/src/filesystem/SDL_filesystem.c.o
[ 31%] Building C object external/SDL/CMakeFiles/SDL3-shared.dir/src/gpu/SDL_gpu.c.o
[ 31%] Building C object external/SDL/CMakeFiles/SDL3-shared.dir/src/gpu/xr/SDL_gpu_openxr.c.o
[ 32%] Building C object external/SDL/CMakeFiles/SDL3-shared.dir/src/gpu/xr/SDL_openxrdyn.c.o
[ 32%] Building C object external/SDL/CMakeFiles/SDL3-shared.dir/src/haptic/SDL_haptic.c.o
[ 32%] Building C object external/SDL/CMakeFiles/SDL3-shared.dir/src/hidapi/SDL_hidapi.c.o
[ 32%] Building C object external/SDL/CMakeFiles/SDL3-shared.dir/src/io/SDL_asyncio.c.o
[ 33%] Building C object external/SDL/CMakeFiles/SDL3-shared.dir/src/io/SDL_iostream.c.o
[ 33%] Building C object external/SDL/CMakeFiles/SDL3-shared.dir/src/io/generic/SDL_asyncio_generic.c.o
[ 33%] Building C object external/SDL/CMakeFiles/SDL3-shared.dir/src/joystick/SDL_gamepad.c.o
[ 34%] Building C object external/SDL/CMakeFiles/SDL3-shared.dir/src/joystick/SDL_joystick.c.o
[ 34%] Building C object external/SDL/CMakeFiles/SDL3-shared.dir/src/joystick/SDL_steam_virtual_gamepad.c.o
[ 34%] Building C object external/SDL/CMakeFiles/SDL3-shared.dir/src/joystick/controller_type.c.o
[ 34%] Building C object external/SDL/CMakeFiles/SDL3-shared.dir/src/locale/SDL_locale.c.o
[ 35%] Building C object external/SDL/CMakeFiles/SDL3-shared.dir/src/main/SDL_main_callbacks.c.o
[ 35%] Building C object external/SDL/CMakeFiles/SDL3-shared.dir/src/main/SDL_runapp.c.o
[ 35%] Building C object external/SDL/CMakeFiles/SDL3-shared.dir/src/misc/SDL_libusb.c.o
[ 35%] Building C object external/SDL/CMakeFiles/SDL3-shared.dir/src/misc/SDL_url.c.o
[ 36%] Building C object external/SDL/CMakeFiles/SDL3-shared.dir/src/power/SDL_power.c.o
[ 36%] Building C object external/SDL/CMakeFiles/SDL3-shared.dir/src/render/SDL_render.c.o
[ 36%] Building C object external/SDL/CMakeFiles/SDL3-shared.dir/src/render/SDL_render_unsupported.c.o
[ 36%] Building C object external/SDL/CMakeFiles/SDL3-shared.dir/src/render/SDL_yuv_sw.c.o
[ 37%] Building C object external/SDL/CMakeFiles/SDL3-shared.dir/src/render/direct3d/SDL_render_d3d.c.o
[ 37%] Building C object external/SDL/CMakeFiles/SDL3-shared.dir/src/render/direct3d/SDL_shaders_d3d.c.o
[ 37%] Building C object external/SDL/CMakeFiles/SDL3-shared.dir/src/render/direct3d11/SDL_render_d3d11.c.o
[ 37%] Building C object external/SDL/CMakeFiles/SDL3-shared.dir/src/render/direct3d11/SDL_shaders_d3d11.c.o
[ 38%] Building C object external/SDL/CMakeFiles/SDL3-shared.dir/src/render/direct3d12/SDL_render_d3d12.c.o
[ 38%] Building C object external/SDL/CMakeFiles/SDL3-shared.dir/src/render/direct3d12/SDL_shaders_d3d12.c.o
[ 38%] Building C object external/SDL/CMakeFiles/SDL3-shared.dir/src/render/gpu/SDL_pipeline_gpu.c.o
[ 39%] Building C object external/SDL/CMakeFiles/SDL3-shared.dir/src/render/gpu/SDL_render_gpu.c.o
[ 39%] Building C object external/SDL/CMakeFiles/SDL3-shared.dir/src/render/gpu/SDL_shaders_gpu.c.o
[ 39%] Building C object external/SDL/CMakeFiles/SDL3-shared.dir/src/render/ngage/SDL_render_ngage.c.o
[ 39%] Building C object external/SDL/CMakeFiles/SDL3-shared.dir/src/render/opengl/SDL_render_gl.c.o
[ 40%] Building C object external/SDL/CMakeFiles/SDL3-shared.dir/src/render/opengl/SDL_shaders_gl.c.o
[ 40%] Building C object external/SDL/CMakeFiles/SDL3-shared.dir/src/render/opengles2/SDL_render_gles2.c.o
[ 40%] Building C object external/SDL/CMakeFiles/SDL3-shared.dir/src/render/opengles2/SDL_shaders_gles2.c.o
[ 40%] Building C object external/SDL/CMakeFiles/SDL3-shared.dir/src/render/ps2/SDL_render_ps2.c.o
[ 41%] Building C object external/SDL/CMakeFiles/SDL3-shared.dir/src/render/psp/SDL_render_psp.c.o
[ 41%] Building C object external/SDL/CMakeFiles/SDL3-shared.dir/src/render/software/SDL_blendfillrect.c.o
[ 41%] Building C object external/SDL/CMakeFiles/SDL3-shared.dir/src/render/software/SDL_blendline.c.o
[ 41%] Building C object external/SDL/CMakeFiles/SDL3-shared.dir/src/render/software/SDL_blendpoint.c.o
[ 42%] Building C object external/SDL/CMakeFiles/SDL3-shared.dir/src/render/software/SDL_drawline.c.o
[ 42%] Building C object external/SDL/CMakeFiles/SDL3-shared.dir/src/render/software/SDL_drawpoint.c.o
[ 42%] Building C object external/SDL/CMakeFiles/SDL3-shared.dir/src/render/software/SDL_render_sw.c.o
[ 42%] Building C object external/SDL/CMakeFiles/SDL3-shared.dir/src/render/software/SDL_triangle.c.o
[ 43%] Building C object external/SDL/CMakeFiles/SDL3-shared.dir/src/render/vitagxm/SDL_render_vita_gxm.c.o
[ 43%] Building C object external/SDL/CMakeFiles/SDL3-shared.dir/src/render/vitagxm/SDL_render_vita_gxm_memory.c.o
[ 43%] Building C object external/SDL/CMakeFiles/SDL3-shared.dir/src/render/vitagxm/SDL_render_vita_gxm_tools.c.o
[ 44%] Building C object external/SDL/CMakeFiles/SDL3-shared.dir/src/render/vulkan/SDL_render_vulkan.c.o
[ 44%] Building C object external/SDL/CMakeFiles/SDL3-shared.dir/src/render/vulkan/SDL_shaders_vulkan.c.o
[ 44%] Building C object external/SDL/CMakeFiles/SDL3-shared.dir/src/sensor/SDL_sensor.c.o
[ 44%] Building C object external/SDL/CMakeFiles/SDL3-shared.dir/src/stdlib/SDL_crc16.c.o
[ 45%] Building C object external/SDL/CMakeFiles/SDL3-shared.dir/src/stdlib/SDL_crc32.c.o
[ 45%] Building C object external/SDL/CMakeFiles/SDL3-shared.dir/src/stdlib/SDL_getenv.c.o
[ 45%] Building C object external/SDL/CMakeFiles/SDL3-shared.dir/src/stdlib/SDL_iconv.c.o
[ 45%] Building C object external/SDL/CMakeFiles/SDL3-shared.dir/src/stdlib/SDL_malloc.c.o
[ 46%] Building C object external/SDL/CMakeFiles/SDL3-shared.dir/src/stdlib/SDL_memcpy.c.o
[ 46%] Building C object external/SDL/CMakeFiles/SDL3-shared.dir/src/stdlib/SDL_memmove.c.o
[ 46%] Building C object external/SDL/CMakeFiles/SDL3-shared.dir/src/stdlib/SDL_memset.c.o
[ 46%] Building C object external/SDL/CMakeFiles/SDL3-shared.dir/src/stdlib/SDL_mslibc.c.o
[ 47%] Building C object external/SDL/CMakeFiles/SDL3-shared.dir/src/stdlib/SDL_murmur3.c.o
[ 47%] Building C object external/SDL/CMakeFiles/SDL3-shared.dir/src/stdlib/SDL_qsort.c.o
[ 47%] Building C object external/SDL/CMakeFiles/SDL3-shared.dir/src/stdlib/SDL_random.c.o
[ 47%] Building C object external/SDL/CMakeFiles/SDL3-shared.dir/src/stdlib/SDL_stdlib.c.o
[ 48%] Building C object external/SDL/CMakeFiles/SDL3-shared.dir/src/stdlib/SDL_string.c.o
[ 48%] Building C object external/SDL/CMakeFiles/SDL3-shared.dir/src/stdlib/SDL_strtokr.c.o
[ 48%] Building C object external/SDL/CMakeFiles/SDL3-shared.dir/src/storage/SDL_storage.c.o
[ 48%] Building C object external/SDL/CMakeFiles/SDL3-shared.dir/src/thread/SDL_thread.c.o
[ 49%] Building C object external/SDL/CMakeFiles/SDL3-shared.dir/src/time/SDL_time.c.o
[ 49%] Building C object external/SDL/CMakeFiles/SDL3-shared.dir/src/timer/SDL_timer.c.o
[ 49%] Building C object external/SDL/CMakeFiles/SDL3-shared.dir/src/video/SDL_RLEaccel.c.o
[ 50%] Building C object external/SDL/CMakeFiles/SDL3-shared.dir/src/video/SDL_blit.c.o
[ 50%] Building C object external/SDL/CMakeFiles/SDL3-shared.dir/src/video/SDL_blit_0.c.o
[ 50%] Building C object external/SDL/CMakeFiles/SDL3-shared.dir/src/video/SDL_blit_1.c.o
[ 50%] Building C object external/SDL/CMakeFiles/SDL3-shared.dir/src/video/SDL_blit_A.c.o
[ 51%] Building C object external/SDL/CMakeFiles/SDL3-shared.dir/src/video/SDL_blit_N.c.o
[ 51%] Building C object external/SDL/CMakeFiles/SDL3-shared.dir/src/video/SDL_blit_auto.c.o
[ 51%] Building C object external/SDL/CMakeFiles/SDL3-shared.dir/src/video/SDL_blit_copy.c.o
[ 51%] Building C object external/SDL/CMakeFiles/SDL3-shared.dir/src/video/SDL_blit_slow.c.o
[ 52%] Building C object external/SDL/CMakeFiles/SDL3-shared.dir/src/video/SDL_bmp.c.o
[ 52%] Building C object external/SDL/CMakeFiles/SDL3-shared.dir/src/video/SDL_clipboard.c.o
[ 52%] Building C object external/SDL/CMakeFiles/SDL3-shared.dir/src/video/SDL_egl.c.o
[ 52%] Building C object external/SDL/CMakeFiles/SDL3-shared.dir/src/video/SDL_fillrect.c.o
[ 53%] Building C object external/SDL/CMakeFiles/SDL3-shared.dir/src/video/SDL_pixels.c.o
[ 53%] Building C object external/SDL/CMakeFiles/SDL3-shared.dir/src/video/SDL_rect.c.o
[ 53%] Building C object external/SDL/CMakeFiles/SDL3-shared.dir/src/video/SDL_rotate.c.o
[ 53%] Building C object external/SDL/CMakeFiles/SDL3-shared.dir/src/video/SDL_stb.c.o
[ 54%] Building C object external/SDL/CMakeFiles/SDL3-shared.dir/src/video/SDL_stretch.c.o
[ 54%] Building C object external/SDL/CMakeFiles/SDL3-shared.dir/src/video/SDL_surface.c.o
[ 54%] Building C object external/SDL/CMakeFiles/SDL3-shared.dir/src/video/SDL_video.c.o
[ 55%] Building C object external/SDL/CMakeFiles/SDL3-shared.dir/src/video/SDL_video_unsupported.c.o
[ 55%] Building C object external/SDL/CMakeFiles/SDL3-shared.dir/src/video/SDL_vulkan_utils.c.o
[ 55%] Building C object external/SDL/CMakeFiles/SDL3-shared.dir/src/video/SDL_yuv.c.o
[ 55%] Building C object external/SDL/CMakeFiles/SDL3-shared.dir/src/video/yuv2rgb/yuv_rgb_lsx.c.o
[ 56%] Building C object external/SDL/CMakeFiles/SDL3-shared.dir/src/video/yuv2rgb/yuv_rgb_sse.c.o
[ 56%] Building C object external/SDL/CMakeFiles/SDL3-shared.dir/src/video/yuv2rgb/yuv_rgb_std.c.o
[ 56%] Building C object external/SDL/CMakeFiles/SDL3-shared.dir/src/audio/dummy/SDL_dummyaudio.c.o
[ 56%] Building C object external/SDL/CMakeFiles/SDL3-shared.dir/src/audio/disk/SDL_diskaudio.c.o
[ 57%] Building C object external/SDL/CMakeFiles/SDL3-shared.dir/src/camera/dummy/SDL_camera_dummy.c.o
[ 57%] Building C object external/SDL/CMakeFiles/SDL3-shared.dir/src/loadso/dlopen/SDL_sysloadso.c.o
[ 57%] Building C object external/SDL/CMakeFiles/SDL3-shared.dir/src/joystick/virtual/SDL_virtualjoystick.c.o
[ 57%] Building C object external/SDL/CMakeFiles/SDL3-shared.dir/src/video/dummy/SDL_nullevents.c.o
[ 58%] Building C object external/SDL/CMakeFiles/SDL3-shared.dir/src/video/dummy/SDL_nullframebuffer.c.o
[ 58%] Building C object external/SDL/CMakeFiles/SDL3-shared.dir/src/video/dummy/SDL_nullvideo.c.o
[ 58%] Building C object external/SDL/CMakeFiles/SDL3-shared.dir/src/audio/alsa/SDL_alsa_audio.c.o
[ 58%] Building C object external/SDL/CMakeFiles/SDL3-shared.dir/src/video/x11/SDL_x11clipboard.c.o
[ 59%] Building C object external/SDL/CMakeFiles/SDL3-shared.dir/src/video/x11/SDL_x11dyn.c.o
[ 59%] Building C object external/SDL/CMakeFiles/SDL3-shared.dir/src/video/x11/SDL_x11events.c.o
[ 59%] Building C object external/SDL/CMakeFiles/SDL3-shared.dir/src/video/x11/SDL_x11framebuffer.c.o
[ 60%] Building C object external/SDL/CMakeFiles/SDL3-shared.dir/src/video/x11/SDL_x11keyboard.c.o
[ 60%] Building C object external/SDL/CMakeFiles/SDL3-shared.dir/src/video/x11/SDL_x11messagebox.c.o
[ 60%] Building C object external/SDL/CMakeFiles/SDL3-shared.dir/src/video/x11/SDL_x11modes.c.o
[ 60%] Building C object external/SDL/CMakeFiles/SDL3-shared.dir/src/video/x11/SDL_x11mouse.c.o
[ 61%] Building C object external/SDL/CMakeFiles/SDL3-shared.dir/src/video/x11/SDL_x11opengl.c.o
[ 61%] Building C object external/SDL/CMakeFiles/SDL3-shared.dir/src/video/x11/SDL_x11opengles.c.o
[ 61%] Building C object external/SDL/CMakeFiles/SDL3-shared.dir/src/video/x11/SDL_x11pen.c.o
[ 61%] Building C object external/SDL/CMakeFiles/SDL3-shared.dir/src/video/x11/SDL_x11settings.c.o
[ 62%] Building C object external/SDL/CMakeFiles/SDL3-shared.dir/src/video/x11/SDL_x11shape.c.o
[ 62%] Building C object external/SDL/CMakeFiles/SDL3-shared.dir/src/video/x11/SDL_x11toolkit.c.o
[ 62%] Building C object external/SDL/CMakeFiles/SDL3-shared.dir/src/video/x11/SDL_x11touch.c.o
[ 62%] Building C object external/SDL/CMakeFiles/SDL3-shared.dir/src/video/x11/SDL_x11video.c.o
[ 63%] Building C object external/SDL/CMakeFiles/SDL3-shared.dir/src/video/x11/SDL_x11vulkan.c.o
[ 63%] Building C object external/SDL/CMakeFiles/SDL3-shared.dir/src/video/x11/SDL_x11window.c.o
[ 63%] Building C object external/SDL/CMakeFiles/SDL3-shared.dir/src/video/x11/SDL_x11xfixes.c.o
[ 63%] Building C object external/SDL/CMakeFiles/SDL3-shared.dir/src/video/x11/SDL_x11xinput2.c.o
[ 64%] Building C object external/SDL/CMakeFiles/SDL3-shared.dir/src/video/x11/SDL_x11xsync.c.o
[ 64%] Building C object external/SDL/CMakeFiles/SDL3-shared.dir/src/video/x11/SDL_x11xtest.c.o
[ 64%] Building C object external/SDL/CMakeFiles/SDL3-shared.dir/src/video/x11/edid-parse.c.o
[ 65%] Building C object external/SDL/CMakeFiles/SDL3-shared.dir/src/video/x11/xsettings-client.c.o
[ 65%] Building C object external/SDL/CMakeFiles/SDL3-shared.dir/src/video/wayland/SDL_waylandclipboard.c.o
[ 65%] Building C object external/SDL/CMakeFiles/SDL3-shared.dir/src/video/wayland/SDL_waylandcolor.c.o
[ 65%] Building C object external/SDL/CMakeFiles/SDL3-shared.dir/src/video/wayland/SDL_waylanddatamanager.c.o
[ 66%] Building C object external/SDL/CMakeFiles/SDL3-shared.dir/src/video/wayland/SDL_waylanddyn.c.o
[ 66%] Building C object external/SDL/CMakeFiles/SDL3-shared.dir/src/video/wayland/SDL_waylandevents.c.o
[ 66%] Building C object external/SDL/CMakeFiles/SDL3-shared.dir/src/video/wayland/SDL_waylandkeyboard.c.o
[ 66%] Building C object external/SDL/CMakeFiles/SDL3-shared.dir/src/video/wayland/SDL_waylandmessagebox.c.o
[ 67%] Building C object external/SDL/CMakeFiles/SDL3-shared.dir/src/video/wayland/SDL_waylandmouse.c.o
[ 67%] Building C object external/SDL/CMakeFiles/SDL3-shared.dir/src/video/wayland/SDL_waylandopengles.c.o
[ 67%] Building C object external/SDL/CMakeFiles/SDL3-shared.dir/src/video/wayland/SDL_waylandshmbuffer.c.o
[ 67%] Building C object external/SDL/CMakeFiles/SDL3-shared.dir/src/video/wayland/SDL_waylandvideo.c.o
[ 68%] Building C object external/SDL/CMakeFiles/SDL3-shared.dir/src/video/wayland/SDL_waylandvulkan.c.o
[ 68%] Building C object external/SDL/CMakeFiles/SDL3-shared.dir/src/video/wayland/SDL_waylandwindow.c.o
[ 68%] Building C object external/SDL/CMakeFiles/SDL3-shared.dir/wayland-generated-protocols/alpha-modifier-v1-protocol.c.o
[ 68%] Building C object external/SDL/CMakeFiles/SDL3-shared.dir/wayland-generated-protocols/color-management-v1-protocol.c.o
[ 69%] Building C object external/SDL/CMakeFiles/SDL3-shared.dir/wayland-generated-protocols/cursor-shape-v1-protocol.c.o
[ 69%] Building C object external/SDL/CMakeFiles/SDL3-shared.dir/wayland-generated-protocols/fractional-scale-v1-protocol.c.o
[ 69%] Building C object external/SDL/CMakeFiles/SDL3-shared.dir/wayland-generated-protocols/frog-color-management-v1-protocol.c.o
[ 69%] Building C object external/SDL/CMakeFiles/SDL3-shared.dir/wayland-generated-protocols/idle-inhibit-unstable-v1-protocol.c.o
[ 70%] Building C object external/SDL/CMakeFiles/SDL3-shared.dir/wayland-generated-protocols/input-timestamps-unstable-v1-protocol.c.o
[ 70%] Building C object external/SDL/CMakeFiles/SDL3-shared.dir/wayland-generated-protocols/keyboard-shortcuts-inhibit-unstable-v1-protocol.c.o
[ 70%] Building C object external/SDL/CMakeFiles/SDL3-shared.dir/wayland-generated-protocols/pointer-constraints-unstable-v1-protocol.c.o
[ 71%] Building C object external/SDL/CMakeFiles/SDL3-shared.dir/wayland-generated-protocols/pointer-gestures-unstable-v1-protocol.c.o
[ 71%] Building C object external/SDL/CMakeFiles/SDL3-shared.dir/wayland-generated-protocols/pointer-warp-v1-protocol.c.o
[ 71%] Building C object external/SDL/CMakeFiles/SDL3-shared.dir/wayland-generated-protocols/primary-selection-unstable-v1-protocol.c.o
[ 71%] Building C object external/SDL/CMakeFiles/SDL3-shared.dir/wayland-generated-protocols/relative-pointer-unstable-v1-protocol.c.o
[ 72%] Building C object external/SDL/CMakeFiles/SDL3-shared.dir/wayland-generated-protocols/single-pixel-buffer-v1-protocol.c.o
[ 72%] Building C object external/SDL/CMakeFiles/SDL3-shared.dir/wayland-generated-protocols/tablet-v2-protocol.c.o
[ 72%] Building C object external/SDL/CMakeFiles/SDL3-shared.dir/wayland-generated-protocols/text-input-unstable-v3-protocol.c.o
[ 72%] Building C object external/SDL/CMakeFiles/SDL3-shared.dir/wayland-generated-protocols/viewporter-protocol.c.o
[ 73%] Building C object external/SDL/CMakeFiles/SDL3-shared.dir/wayland-generated-protocols/wayland-protocol.c.o
[ 73%] Building C object external/SDL/CMakeFiles/SDL3-shared.dir/wayland-generated-protocols/xdg-activation-v1-protocol.c.o
[ 73%] Building C object external/SDL/CMakeFiles/SDL3-shared.dir/wayland-generated-protocols/xdg-decoration-unstable-v1-protocol.c.o
[ 73%] Building C object external/SDL/CMakeFiles/SDL3-shared.dir/wayland-generated-protocols/xdg-dialog-v1-protocol.c.o
[ 74%] Building C object external/SDL/CMakeFiles/SDL3-shared.dir/wayland-generated-protocols/xdg-foreign-unstable-v2-protocol.c.o
[ 74%] Building C object external/SDL/CMakeFiles/SDL3-shared.dir/wayland-generated-protocols/xdg-output-unstable-v1-protocol.c.o
[ 74%] Building C object external/SDL/CMakeFiles/SDL3-shared.dir/wayland-generated-protocols/xdg-shell-protocol.c.o
[ 74%] Building C object external/SDL/CMakeFiles/SDL3-shared.dir/wayland-generated-protocols/xdg-toplevel-icon-v1-protocol.c.o
[ 75%] Building C object external/SDL/CMakeFiles/SDL3-shared.dir/src/tray/unix/SDL_tray.c.o
[ 75%] Building C object external/SDL/CMakeFiles/SDL3-shared.dir/src/core/unix/SDL_appid.c.o
[ 75%] Building C object external/SDL/CMakeFiles/SDL3-shared.dir/src/core/unix/SDL_fribidi.c.o
[ 76%] Building C object external/SDL/CMakeFiles/SDL3-shared.dir/src/core/unix/SDL_gtk.c.o
[ 76%] Building C object external/SDL/CMakeFiles/SDL3-shared.dir/src/core/unix/SDL_libthai.c.o
[ 76%] Building C object external/SDL/CMakeFiles/SDL3-shared.dir/src/core/unix/SDL_poll.c.o
[ 76%] Building C object external/SDL/CMakeFiles/SDL3-shared.dir/src/camera/v4l2/SDL_camera_v4l2.c.o
[ 77%] Building C object external/SDL/CMakeFiles/SDL3-shared.dir/src/haptic/linux/SDL_syshaptic.c.o
[ 77%] Building C object external/SDL/CMakeFiles/SDL3-shared.dir/src/core/linux/SDL_dbus.c.o
[ 77%] Building C object external/SDL/CMakeFiles/SDL3-shared.dir/src/core/linux/SDL_system_theme.c.o
[ 77%] Building C object external/SDL/CMakeFiles/SDL3-shared.dir/src/core/linux/SDL_progressbar.c.o
[ 78%] Building C object external/SDL/CMakeFiles/SDL3-shared.dir/src/core/linux/SDL_ime.c.o
[ 78%] Building C object external/SDL/CMakeFiles/SDL3-shared.dir/src/core/linux/SDL_fcitx.c.o
[ 78%] Building C object external/SDL/CMakeFiles/SDL3-shared.dir/src/core/linux/SDL_udev.c.o
[ 78%] Building C object external/SDL/CMakeFiles/SDL3-shared.dir/src/core/linux/SDL_evdev.c.o
[ 79%] Building C object external/SDL/CMakeFiles/SDL3-shared.dir/src/core/linux/SDL_evdev_kbd.c.o
[ 79%] Building C object external/SDL/CMakeFiles/SDL3-shared.dir/src/core/linux/SDL_evdev_capabilities.c.o
[ 79%] Building C object external/SDL/CMakeFiles/SDL3-shared.dir/src/core/linux/SDL_threadprio.c.o
[ 79%] Building C object external/SDL/CMakeFiles/SDL3-shared.dir/src/joystick/hidapi/SDL_hidapi_8bitdo.c.o
[ 80%] Building C object external/SDL/CMakeFiles/SDL3-shared.dir/src/joystick/hidapi/SDL_hidapi_combined.c.o
[ 80%] Building C object external/SDL/CMakeFiles/SDL3-shared.dir/src/joystick/hidapi/SDL_hidapi_flydigi.c.o
[ 80%] Building C object external/SDL/CMakeFiles/SDL3-shared.dir/src/joystick/hidapi/SDL_hidapi_gamecube.c.o
[ 81%] Building C object external/SDL/CMakeFiles/SDL3-shared.dir/src/joystick/hidapi/SDL_hidapi_gamesir.c.o
[ 81%] Building C object external/SDL/CMakeFiles/SDL3-shared.dir/src/joystick/hidapi/SDL_hidapi_gip.c.o
[ 81%] Building C object external/SDL/CMakeFiles/SDL3-shared.dir/src/joystick/hidapi/SDL_hidapi_lg4ff.c.o
[ 81%] Building C object external/SDL/CMakeFiles/SDL3-shared.dir/src/joystick/hidapi/SDL_hidapi_luna.c.o
[ 82%] Building C object external/SDL/CMakeFiles/SDL3-shared.dir/src/joystick/hidapi/SDL_hidapi_ps3.c.o
[ 82%] Building C object external/SDL/CMakeFiles/SDL3-shared.dir/src/joystick/hidapi/SDL_hidapi_ps4.c.o
[ 82%] Building C object external/SDL/CMakeFiles/SDL3-shared.dir/src/joystick/hidapi/SDL_hidapi_ps5.c.o
[ 82%] Building C object external/SDL/CMakeFiles/SDL3-shared.dir/src/joystick/hidapi/SDL_hidapi_rumble.c.o
[ 83%] Building C object external/SDL/CMakeFiles/SDL3-shared.dir/src/joystick/hidapi/SDL_hidapi_shield.c.o
[ 83%] Building C object external/SDL/CMakeFiles/SDL3-shared.dir/src/joystick/hidapi/SDL_hidapi_sinput.c.o
[ 83%] Building C object external/SDL/CMakeFiles/SDL3-shared.dir/src/joystick/hidapi/SDL_hidapi_stadia.c.o
[ 83%] Building C object external/SDL/CMakeFiles/SDL3-shared.dir/src/joystick/hidapi/SDL_hidapi_steam.c.o
[ 84%] Building C object external/SDL/CMakeFiles/SDL3-shared.dir/src/joystick/hidapi/SDL_hidapi_steam_hori.c.o
[ 84%] Building C object external/SDL/CMakeFiles/SDL3-shared.dir/src/joystick/hidapi/SDL_hidapi_steam_triton.c.o
[ 84%] Building C object external/SDL/CMakeFiles/SDL3-shared.dir/src/joystick/hidapi/SDL_hidapi_steamdeck.c.o
[ 84%] Building C object external/SDL/CMakeFiles/SDL3-shared.dir/src/joystick/hidapi/SDL_hidapi_switch.c.o
[ 85%] Building C object external/SDL/CMakeFiles/SDL3-shared.dir/src/joystick/hidapi/SDL_hidapi_switch2.c.o
[ 85%] Building C object external/SDL/CMakeFiles/SDL3-shared.dir/src/joystick/hidapi/SDL_hidapi_wii.c.o
[ 85%] Building C object external/SDL/CMakeFiles/SDL3-shared.dir/src/joystick/hidapi/SDL_hidapi_xbox360.c.o
[ 86%] Building C object external/SDL/CMakeFiles/SDL3-shared.dir/src/joystick/hidapi/SDL_hidapi_xbox360w.c.o
[ 86%] Building C object external/SDL/CMakeFiles/SDL3-shared.dir/src/joystick/hidapi/SDL_hidapi_xboxone.c.o
[ 86%] Building C object external/SDL/CMakeFiles/SDL3-shared.dir/src/joystick/hidapi/SDL_hidapi_zuiki.c.o
[ 86%] Building C object external/SDL/CMakeFiles/SDL3-shared.dir/src/joystick/hidapi/SDL_hidapijoystick.c.o
[ 87%] Building C object external/SDL/CMakeFiles/SDL3-shared.dir/src/joystick/hidapi/SDL_report_descriptor.c.o
[ 87%] Building C object external/SDL/CMakeFiles/SDL3-shared.dir/src/haptic/hidapi/SDL_hidapihaptic.c.o
[ 87%] Building C object external/SDL/CMakeFiles/SDL3-shared.dir/src/haptic/hidapi/SDL_hidapihaptic_lg4ff.c.o
[ 87%] Building C object external/SDL/CMakeFiles/SDL3-shared.dir/src/joystick/linux/SDL_sysjoystick.c.o
[ 88%] Building C object external/SDL/CMakeFiles/SDL3-shared.dir/src/thread/pthread/SDL_systhread.c.o
[ 88%] Building C object external/SDL/CMakeFiles/SDL3-shared.dir/src/thread/pthread/SDL_sysmutex.c.o
[ 88%] Building C object external/SDL/CMakeFiles/SDL3-shared.dir/src/thread/pthread/SDL_syscond.c.o
[ 88%] Building C object external/SDL/CMakeFiles/SDL3-shared.dir/src/thread/pthread/SDL_sysrwlock.c.o
[ 89%] Building C object external/SDL/CMakeFiles/SDL3-shared.dir/src/thread/pthread/SDL_systls.c.o
[ 89%] Building C object external/SDL/CMakeFiles/SDL3-shared.dir/src/thread/pthread/SDL_syssem.c.o
[ 89%] Building C object external/SDL/CMakeFiles/SDL3-shared.dir/src/misc/unix/SDL_sysurl.c.o
[ 89%] Building C object external/SDL/CMakeFiles/SDL3-shared.dir/src/power/linux/SDL_syspower.c.o
[ 90%] Building C object external/SDL/CMakeFiles/SDL3-shared.dir/src/locale/unix/SDL_syslocale.c.o
[ 90%] Building C object external/SDL/CMakeFiles/SDL3-shared.dir/src/filesystem/unix/SDL_sysfilesystem.c.o
[ 90%] Building C object external/SDL/CMakeFiles/SDL3-shared.dir/src/storage/generic/SDL_genericstorage.c.o
[ 90%] Building C object external/SDL/CMakeFiles/SDL3-shared.dir/src/storage/steam/SDL_steamstorage.c.o
[ 91%] Building C object external/SDL/CMakeFiles/SDL3-shared.dir/src/filesystem/posix/SDL_sysfsops.c.o
[ 91%] Building C object external/SDL/CMakeFiles/SDL3-shared.dir/src/time/unix/SDL_systime.c.o
[ 91%] Building C object external/SDL/CMakeFiles/SDL3-shared.dir/src/timer/unix/SDL_systimer.c.o
[ 92%] Building C object external/SDL/CMakeFiles/SDL3-shared.dir/src/dialog/SDL_dialog.c.o
[ 92%] Building C object external/SDL/CMakeFiles/SDL3-shared.dir/src/dialog/SDL_dialog_utils.c.o
[ 92%] Building C object external/SDL/CMakeFiles/SDL3-shared.dir/src/dialog/unix/SDL_unixdialog.c.o
[ 92%] Building C object external/SDL/CMakeFiles/SDL3-shared.dir/src/dialog/unix/SDL_portaldialog.c.o
[ 93%] Building C object external/SDL/CMakeFiles/SDL3-shared.dir/src/dialog/unix/SDL_zenitydialog.c.o
[ 93%] Building C object external/SDL/CMakeFiles/SDL3-shared.dir/src/dialog/unix/SDL_zenitymessagebox.c.o
[ 93%] Building C object external/SDL/CMakeFiles/SDL3-shared.dir/src/process/SDL_process.c.o
[ 93%] Building C object external/SDL/CMakeFiles/SDL3-shared.dir/src/process/posix/SDL_posixprocess.c.o
[ 94%] Building C object external/SDL/CMakeFiles/SDL3-shared.dir/src/video/offscreen/SDL_offscreenevents.c.o
[ 94%] Building C object external/SDL/CMakeFiles/SDL3-shared.dir/src/video/offscreen/SDL_offscreenframebuffer.c.o
[ 94%] Building C object external/SDL/CMakeFiles/SDL3-shared.dir/src/video/offscreen/SDL_offscreenopengles.c.o
[ 94%] Building C object external/SDL/CMakeFiles/SDL3-shared.dir/src/video/offscreen/SDL_offscreenvideo.c.o
[ 95%] Building C object external/SDL/CMakeFiles/SDL3-shared.dir/src/video/offscreen/SDL_offscreenvulkan.c.o
[ 95%] Building C object external/SDL/CMakeFiles/SDL3-shared.dir/src/video/offscreen/SDL_offscreenwindow.c.o
[ 95%] Building C object external/SDL/CMakeFiles/SDL3-shared.dir/src/tray/SDL_tray_utils.c.o
[ 95%] Building C object external/SDL/CMakeFiles/SDL3-shared.dir/src/gpu/vulkan/SDL_gpu_vulkan.c.o
[ 96%] Building C object external/SDL/CMakeFiles/SDL3-shared.dir/src/sensor/dummy/SDL_dummysensor.c.o
[ 96%] Building C object external/SDL/CMakeFiles/SDL3-shared.dir/src/main/generic/SDL_sysmain_callbacks.c.o
[ 96%] Linking C shared library libSDL3.so
[ 96%] Built target SDL3-shared
[ 96%] Building C object CMakeFiles/app.dir/src/main.c.o
[ 97%] Linking C executable app
[ 97%] Built target app
[ 98%] Building C object external/SDL/CMakeFiles/SDL3_test.dir/src/test/SDL_test_assert.c.o
[ 98%] Building C object external/SDL/CMakeFiles/SDL3_test.dir/src/test/SDL_test_common.c.o
[ 98%] Building C object external/SDL/CMakeFiles/SDL3_test.dir/src/test/SDL_test_compare.c.o
[ 98%] Building C object external/SDL/CMakeFiles/SDL3_test.dir/src/test/SDL_test_crc32.c.o
[ 99%] Building C object external/SDL/CMakeFiles/SDL3_test.dir/src/test/SDL_test_font.c.o
[ 99%] Building C object external/SDL/CMakeFiles/SDL3_test.dir/src/test/SDL_test_fuzzer.c.o
[ 99%] Building C object external/SDL/CMakeFiles/SDL3_test.dir/src/test/SDL_test_harness.c.o
[ 99%] Building C object external/SDL/CMakeFiles/SDL3_test.dir/src/test/SDL_test_log.c.o
[100%] Building C object external/SDL/CMakeFiles/SDL3_test.dir/src/test/SDL_test_md5.c.o
[100%] Building C object external/SDL/CMakeFiles/SDL3_test.dir/src/test/SDL_test_memory.c.o
[100%] Linking C static library libSDL3_test.a
[100%] Built target SDL3_test
